[READ:tma] /projects/ovcare/users/nikolay_alabi/immuno/data/raw_phenoptr/combined_cohorts/BCA2020_TURBT_NAC_ARP.parquet
[READ:tma] /projects/ovcare/users/nikolay_alabi/immuno/data/raw_phenoptr/combined_cohorts/BCA2020_TURBT_NAC_B&T.parquet
[READ:tma] /projects/ovcare/users/nikolay_alabi/immuno/data/raw_phenoptr/combined_cohorts/BCA2020_TURBT_NAC_Myeloid.parquet
[READ:tma] /projects/ovcare/users/nikolay_alabi/immuno/data/raw_phenoptr/combined_cohorts/BCA_2020_RC_ARP.parquet
[READ:tma] /projects/ovcare/users/nikolay_alabi/immuno/data/raw_phenoptr/combined_cohorts/BCA_2020_RC_B&T.parquet
[READ:tma] /projects/ovcare/users/nikolay_alabi/immuno/data/raw_phenoptr/combined_cohorts/BCA_2020_RC_Myeloid.parquet
[READ:tma] /projects/ovcare/users/nikolay_alabi/immuno/data/raw_phenoptr/combined_cohorts/Bladder_19_AR.parquet
[READ:tma] /projects/ovcare/users/nikolay_alabi/immuno/data/raw_phenoptr/combined_cohorts/Bladder_19_BT.parquet
[READ:tma] /projects/ovcare/users/nikolay_alabi/immuno/data/raw_phenoptr/combined_cohorts/Bladder_19_M.parquet
[READ:tma] /projects/ovcare/users/nikolay_alabi/immuno/data/raw_phenoptr/combined_cohorts/Bladder_26_AR.parquet
[READ:tma] /projects/ovcare/users/nikolay_alabi/immuno/data/raw_phenoptr/combined_cohorts/Bladder_26_BT.parquet
[READ:tma] /projects/ovcare/users/nikolay_alabi/immuno/data/raw_phenoptr/combined_cohorts/Bladder_26_M.parquet
[READ:tma] /projects/ovcare/users/nikolay_alabi/immuno/data/raw_phenoptr/combined_cohorts/No-NAC_TURBT_TMA1_ARP.parquet
[READ:tma] /projects/ovcare/users/nikolay_alabi/immuno/data/raw_phenoptr/combined_cohorts/No-NAC_TURBT_TMA1_B+T.parquet
[READ:tma] /projects/ovcare/users/nikolay_alabi/immuno/data/raw_phenoptr/combined_cohorts/No-NAC_TURBT_TMA1_Myeloid.parquet
[READ:tma] /projects/ovcare/users/nikolay_alabi/immuno/data/raw_phenoptr/combined_cohorts/No-NAC_TURBT_TMA2_ARP.parquet
[READ:tma] /projects/ovcare/users/nikolay_alabi/immuno/data/raw_phenoptr/combined_cohorts/No-NAC_TURBT_TMA2_B+T.parquet
[READ:tma] /projects/ovcare/users/nikolay_alabi/immuno/data/raw_phenoptr/combined_cohorts/No-NAC_TURBT_TMA2_Myeloid.parquet
[READ:tma] /projects/ovcare/users/nikolay_alabi/immuno/data/raw_phenoptr/combined_cohorts/PURE01_TMA1_Pre_NAC_ARP.parquet
[READ:tma] /projects/ovcare/users/nikolay_alabi/immuno/data/raw_phenoptr/combined_cohorts/PURE01_TMA1_Pre_NAC_B+T.parquet
[READ:tma] /projects/ovcare/users/nikolay_alabi/immuno/data/raw_phenoptr/combined_cohorts/PURE01_TMA1_Pre_NAC_Myeloid.parquet
[READ:tma] /projects/ovcare/users/nikolay_alabi/immuno/data/raw_phenoptr/combined_cohorts/PURE01_TMA2_Pre_NAC_ARP.parquet
[READ:tma] /projects/ovcare/users/nikolay_alabi/immuno/data/raw_phenoptr/combined_cohorts/PURE01_TMA2_Pre_NAC_B+T.parquet
[READ:tma] /projects/ovcare/users/nikolay_alabi/immuno/data/raw_phenoptr/combined_cohorts/PURE01_TMA2_Pre_NAC_Myeloid.parquet
[READ:tma] /projects/ovcare/users/nikolay_alabi/immuno/data/raw_phenoptr/combined_cohorts/PURE01_TMA3_Pre_+_Post_NAC_ARP.parquet
[READ:tma] /projects/ovcare/users/nikolay_alabi/immuno/data/raw_phenoptr/combined_cohorts/PURE01_TMA3_Pre_+_Post_NAC_B+T.parquet
[READ:tma] /projects/ovcare/users/nikolay_alabi/immuno/data/raw_phenoptr/combined_cohorts/PURE01_TMA3_Pre_+_Post_NAC_Myeloid.parquet
[READ:whole] /projects/ovcare/users/nikolay_alabi/immuno/data/raw_phenoptr/combined_wholesections/WholeSections_AR_Batch1.parquet
[READ:whole] /projects/ovcare/users/nikolay_alabi/immuno/data/raw_phenoptr/combined_wholesections/WholeSections_AR_Batch2.parquet
[READ:whole] /projects/ovcare/users/nikolay_alabi/immuno/data/raw_phenoptr/combined_wholesections/WholeSections_AR_Batch3.parquet
[READ:whole] /projects/ovcare/users/nikolay_alabi/immuno/data/raw_phenoptr/combined_wholesections/WholeSections_B&T_Batch1.parquet
[READ:whole] /projects/ovcare/users/nikolay_alabi/immuno/data/raw_phenoptr/combined_wholesections/WholeSections_B&T_Batch2.parquet
[READ:whole] /projects/ovcare/users/nikolay_alabi/immuno/data/raw_phenoptr/combined_wholesections/WholeSections_B&T_Batch3.parquet
[READ:whole] /projects/ovcare/users/nikolay_alabi/immuno/data/raw_phenoptr/combined_wholesections/WholeSections_Myeloid_Batch1.parquet
[READ:whole] /projects/ovcare/users/nikolay_alabi/immuno/data/raw_phenoptr/combined_wholesections/WholeSections_Myeloid_Batch2.parquet
[READ:whole] /projects/ovcare/users/nikolay_alabi/immuno/data/raw_phenoptr/combined_wholesections/WholeSections_Myeloid_Batch3.parquet
